../Core/Src/main.c:86:5:main	128	static
../Core/Src/main.c:209:6:SystemClock_Config	88	static
../Core/Src/main.c:256:13:MX_ADC1_Init	24	static
../Core/Src/main.c:308:13:MX_TIM1_Init	32	static
../Core/Src/main.c:354:13:MX_TIM2_Init	32	static
../Core/Src/main.c:399:13:MX_TIM3_Init	64	static
../Core/Src/main.c:458:13:MX_TIM4_Init	56	static
../Core/Src/main.c:507:13:MX_USART2_UART_Init	8	static
../Core/Src/main.c:540:13:MX_GPIO_Init	48	static
../Core/Src/main.c:581:6:HAL_TIM_PeriodElapsedCallback	16	static
../Core/Src/main.c:609:6:moteur_sens	16	static
../Core/Src/main.c:616:6:HAL_GPIO_EXTI_Callback	24	static
../Core/Src/main.c:638:6:Error_Handler	4	static,ignoring_inline_asm
